// Jest Snapshot v1, https://goo.gl/fbAQLP

exports[`NumberFormat constructing number formats custom currency symbol should work if the currency symbol is hidden 1`] = `
NumberFormat {
  "currency": undefined,
  "decimalSymbol": ",",
  "digits": Array [
    "0",
    "1",
    "2",
    "3",
    "4",
    "5",
    "6",
    "7",
    "8",
    "9",
  ],
  "groupingSymbol": ".",
  "locale": "de-DE",
  "maximumFractionDigits": 2,
  "minimumFractionDigits": 2,
  "minusSymbol": "-",
  "negativePrefix": "-",
  "prefix": "",
  "suffix": "",
}
`;

exports[`NumberFormat constructing number formats custom currency symbol should work wit a custom suffix 1`] = `
NumberFormat {
  "currency": Object {
    "suffix": " Euro",
  },
  "decimalSymbol": ",",
  "digits": Array [
    "0",
    "1",
    "2",
    "3",
    "4",
    "5",
    "6",
    "7",
    "8",
    "9",
  ],
  "groupingSymbol": ".",
  "locale": "de-DE",
  "maximumFractionDigits": 2,
  "minimumFractionDigits": 2,
  "minusSymbol": "-",
  "negativePrefix": "-",
  "prefix": "",
  "suffix": " Euro",
}
`;

exports[`NumberFormat constructing number formats custom currency symbol should work with a custom prefix 1`] = `
NumberFormat {
  "currency": Object {
    "prefix": "₿ ",
  },
  "decimalSymbol": ",",
  "digits": Array [
    "0",
    "1",
    "2",
    "3",
    "4",
    "5",
    "6",
    "7",
    "8",
    "9",
  ],
  "groupingSymbol": ".",
  "locale": "de-DE",
  "maximumFractionDigits": 2,
  "minimumFractionDigits": 2,
  "minusSymbol": "-",
  "negativePrefix": "-₿ ",
  "prefix": "₿ ",
  "suffix": "",
}
`;

exports[`NumberFormat constructing number formats should work for respective locale and currency: ar-SA_SAR 1`] = `
NumberFormat {
  "currency": "SAR",
  "decimalSymbol": "٫",
  "digits": Array [
    "٠",
    "١",
    "٢",
    "٣",
    "٤",
    "٥",
    "٦",
    "٧",
    "٨",
    "٩",
  ],
  "groupingSymbol": "٬",
  "locale": "ar-SA",
  "maximumFractionDigits": 2,
  "minimumFractionDigits": 2,
  "minusSymbol": "؜-",
  "negativePrefix": "؜-",
  "prefix": "",
  "suffix": " ر.س.‏",
}
`;

exports[`NumberFormat constructing number formats should work for respective locale and currency: de-CH_EUR 1`] = `
NumberFormat {
  "currency": "EUR",
  "decimalSymbol": ".",
  "digits": Array [
    "0",
    "1",
    "2",
    "3",
    "4",
    "5",
    "6",
    "7",
    "8",
    "9",
  ],
  "groupingSymbol": "’",
  "locale": "de-CH",
  "maximumFractionDigits": 2,
  "minimumFractionDigits": 2,
  "minusSymbol": "-",
  "negativePrefix": "EUR-",
  "prefix": "EUR ",
  "suffix": "",
}
`;

exports[`NumberFormat constructing number formats should work for respective locale and currency: de-DE_EUR 1`] = `
NumberFormat {
  "currency": "EUR",
  "decimalSymbol": ",",
  "digits": Array [
    "0",
    "1",
    "2",
    "3",
    "4",
    "5",
    "6",
    "7",
    "8",
    "9",
  ],
  "groupingSymbol": ".",
  "locale": "de-DE",
  "maximumFractionDigits": 2,
  "minimumFractionDigits": 2,
  "minusSymbol": "-",
  "negativePrefix": "-",
  "prefix": "",
  "suffix": " €",
}
`;

exports[`NumberFormat constructing number formats should work for respective locale and currency: en-GB_GBP 1`] = `
NumberFormat {
  "currency": "GBP",
  "decimalSymbol": ".",
  "digits": Array [
    "0",
    "1",
    "2",
    "3",
    "4",
    "5",
    "6",
    "7",
    "8",
    "9",
  ],
  "groupingSymbol": ",",
  "locale": "en-GB",
  "maximumFractionDigits": 2,
  "minimumFractionDigits": 2,
  "minusSymbol": "-",
  "negativePrefix": "-£",
  "prefix": "£",
  "suffix": "",
}
`;

exports[`NumberFormat constructing number formats should work for respective locale and currency: en-IN_INR 1`] = `
NumberFormat {
  "currency": "INR",
  "decimalSymbol": ".",
  "digits": Array [
    "0",
    "1",
    "2",
    "3",
    "4",
    "5",
    "6",
    "7",
    "8",
    "9",
  ],
  "groupingSymbol": ",",
  "locale": "en-GB",
  "maximumFractionDigits": 2,
  "minimumFractionDigits": 2,
  "minusSymbol": "-",
  "negativePrefix": "-₹",
  "prefix": "₹",
  "suffix": "",
}
`;

exports[`NumberFormat constructing number formats should work for respective locale and currency: en-US_USD 1`] = `
NumberFormat {
  "currency": "USD",
  "decimalSymbol": ".",
  "digits": Array [
    "0",
    "1",
    "2",
    "3",
    "4",
    "5",
    "6",
    "7",
    "8",
    "9",
  ],
  "groupingSymbol": ",",
  "locale": "en-US",
  "maximumFractionDigits": 2,
  "minimumFractionDigits": 2,
  "minusSymbol": "-",
  "negativePrefix": "-$",
  "prefix": "$",
  "suffix": "",
}
`;

exports[`NumberFormat constructing number formats should work for respective locale and currency: es-ES_EUR 1`] = `
NumberFormat {
  "currency": "EUR",
  "decimalSymbol": ",",
  "digits": Array [
    "0",
    "1",
    "2",
    "3",
    "4",
    "5",
    "6",
    "7",
    "8",
    "9",
  ],
  "groupingSymbol": ".",
  "locale": "es-ES",
  "maximumFractionDigits": 2,
  "minimumFractionDigits": 2,
  "minusSymbol": "-",
  "negativePrefix": "-",
  "prefix": "",
  "suffix": " €",
}
`;

exports[`NumberFormat constructing number formats should work for respective locale and currency: fa-IR_IRR 1`] = `
NumberFormat {
  "currency": "IRR",
  "decimalSymbol": undefined,
  "digits": Array [
    "۰",
    "۱",
    "۲",
    "۳",
    "۴",
    "۵",
    "۶",
    "۷",
    "۸",
    "۹",
  ],
  "groupingSymbol": "٬",
  "locale": "fa-IR",
  "maximumFractionDigits": 0,
  "minimumFractionDigits": 0,
  "minusSymbol": "‎−",
  "negativePrefix": "‎−‎ریال ",
  "prefix": "‎ریال ",
  "suffix": "",
}
`;

exports[`NumberFormat constructing number formats should work for respective locale and currency: fr-CH_CHF 1`] = `
NumberFormat {
  "currency": "CHF",
  "decimalSymbol": ".",
  "digits": Array [
    "0",
    "1",
    "2",
    "3",
    "4",
    "5",
    "6",
    "7",
    "8",
    "9",
  ],
  "groupingSymbol": " ",
  "locale": "fr-CH",
  "maximumFractionDigits": 2,
  "minimumFractionDigits": 2,
  "minusSymbol": "-",
  "negativePrefix": "-",
  "prefix": "",
  "suffix": " CHF",
}
`;

exports[`NumberFormat constructing number formats should work for respective locale and currency: ja_JPY 1`] = `
NumberFormat {
  "currency": "JPY",
  "decimalSymbol": undefined,
  "digits": Array [
    "0",
    "1",
    "2",
    "3",
    "4",
    "5",
    "6",
    "7",
    "8",
    "9",
  ],
  "groupingSymbol": ",",
  "locale": "ja",
  "maximumFractionDigits": 0,
  "minimumFractionDigits": 0,
  "minusSymbol": "-",
  "negativePrefix": "-￥",
  "prefix": "￥",
  "suffix": "",
}
`;

exports[`NumberFormat constructing number formats should work for respective locale and currency: nl-NL_EUR 1`] = `
NumberFormat {
  "currency": "EUR",
  "decimalSymbol": ",",
  "digits": Array [
    "0",
    "1",
    "2",
    "3",
    "4",
    "5",
    "6",
    "7",
    "8",
    "9",
  ],
  "groupingSymbol": ".",
  "locale": "nl-NL",
  "maximumFractionDigits": 2,
  "minimumFractionDigits": 2,
  "minusSymbol": "-",
  "negativePrefix": "€ -",
  "prefix": "€ ",
  "suffix": "",
}
`;

exports[`NumberFormat constructing number formats should work for respective locale and currency: pt_BRL 1`] = `
NumberFormat {
  "currency": "BRL",
  "decimalSymbol": ",",
  "digits": Array [
    "0",
    "1",
    "2",
    "3",
    "4",
    "5",
    "6",
    "7",
    "8",
    "9",
  ],
  "groupingSymbol": ".",
  "locale": "pt",
  "maximumFractionDigits": 2,
  "minimumFractionDigits": 2,
  "minusSymbol": "-",
  "negativePrefix": "-R$ ",
  "prefix": "R$ ",
  "suffix": "",
}
`;

exports[`NumberFormat constructing number formats should work for respective locale and currency: zh_CNY 1`] = `
NumberFormat {
  "currency": "CNY",
  "decimalSymbol": ".",
  "digits": Array [
    "0",
    "1",
    "2",
    "3",
    "4",
    "5",
    "6",
    "7",
    "8",
    "9",
  ],
  "groupingSymbol": ",",
  "locale": "zh",
  "maximumFractionDigits": 2,
  "minimumFractionDigits": 2,
  "minusSymbol": "-",
  "negativePrefix": "-¥",
  "prefix": "¥",
  "suffix": "",
}
`;
